[localhost_81/0porcent0/index.html]
[backblue.gif]
[fade.gif]
[index.html]
[localhost_81/0porcent0/wp-content/themes/0porcent0_template/images/favicon-gif.gif]
[localhost_81/0porcent0/home/feed/index.html]
[localhost_81/0porcent0/wp-includes/js/jquery/jquery.minaf6c.js]
[localhost_81/0porcent0/wp-includes/js/jquery/jquery-migrate.mind617.js]
[localhost_81/0porcent0/wp-json/wp/v2/pages/13.json]
[localhost_81/0porcent0/xmlrpc0db0.php]
[localhost_81/0porcent0/wp-includes/wlwmanifest.xml]
[localhost_81/0porcent0/wp-json/oembed/1.0/embedf754.json]
[localhost_81/0porcent0/wp-json/oembed/1.0/embedae2c]
[localhost_81/0porcent0/wp-json/index.html]
[localhost_81/0porcent0/about.e.delayed]
[localhost_81/0porcent0/about/index.html]
[localhost_81/0porcent0/wp-content/themes/0porcent0_template/images/tab-help.png]
[code.jquery.com/jquery-3.6.0.js]
[localhost_81/0porcent0/wp-content/uploads/2022/05/zine-0-3.jpg]
[code.jquery.com/ui/1.13.1/jquery-ui.js]
[localhost_81/0porcent0/wp-content/uploads/2022/05/zine_1_20224.jpg]
[localhost_81/0porcent0/wp-content/uploads/2022/05/IMG_20220320_141903_895.jpg]
[localhost_81/0porcent0/wp-content/uploads/2022/06/IMG-9485.jpg]
[localhost_81/0porcent0/wp-content/themes/0porcent0_template/images/add-img.png]
[localhost_81/0porcent0/wp-content/themes/0porcent0_template/images/add-img-3.png]
[localhost_81/0porcent0/archive.16.delayed]
[localhost_81/0porcent0/archive/index.html]
[localhost_81/0porcent0/wp-content/themes/0porcent0_template/images/tab-archive.png]
[localhost_81/0porcent0/wp-content/themes/0porcent0_template/mainf049.js]
[localhost_81/0porcent0/wp-content/plugins/dco-comment-attachment/assets/dco-comment-attachment254d.js]
[localhost_81/0porcent0/index.html]
[localhost_81/0porcent0/wp-content/themes/0porcent0_template/fonts/PPEditorialNew-Free/PPEditorialNew-Regular.otf]
[localhost_81/0porcent0/wp-content/themes/0porcent0_template/fonts/PPEditorialNew-Free/PPEditorialNew-Italic.otf]
[localhost_81/0porcent0/wp-content/themes/0porcent0_template/fonts/PPEditorialNew-Free/PPEditorialNew-Ultralight.otf]
[localhost_81/0porcent0/wp-content/themes/0porcent0_template/fonts/PPEditorialNew-Free/PPEditorialNew-UltralightItalic.otf]
[localhost_81/0porcent0/wp-content/themes/0porcent0_template/images/logo.png]
[localhost_81/0porcent0/wp-content/themes/0porcent0_template/images/icon-post-it-2-2.png]
[localhost_81/0porcent0/wp-content/themes/0porcent0_template/images/icon-drag-mouse.png]
[localhost_81/0porcent0/wp-content/themes/0porcent0_template/images/icon-drag-02.png]
[localhost_81/0porcent0/wp-content/themes/0porcent0_template/images/icon-video-mouse.png]
[localhost_81/0porcent0/wp-content/themes/0porcent0_template/images/icon-scroll.png]
[localhost_81/0porcent0/wp-content/themes/0porcent0_template/style.css]
[localhost_81/0porcent0/wp-includes/css/dist/block-library/style.minf049.css]
[localhost_81/0porcent0/wp-content/plugins/dco-comment-attachment/assets/dco-comment-attachment254d.css]
[localhost_81/0porcent0/wp-content/themes/0porcent0_template/images/fav-ico.png]
[localhost_81/0porcent0/wp-json/wp/v2/pages/21.json]
[localhost_81/0porcent0/wp-json/oembed/1.0/embed9e8e.json]
[localhost_81/0porcent0/wp-json/oembed/1.0/embed8ab9]
[localhost_81/0porcent0/index3965.html]
[ajax.googleapis.com/ajax/libs/jquery/3.6.0/jquery.min.js]
[unpkg.com/@google/model-viewer/dist/model-viewer.min.29.delayed]
[unpkg.com/@google/model-viewer/dist/model-viewer-legacy.2b.delayed]
[unpkg.com/@google/model-viewer@1.12.0/dist/model-viewer-legacy.js]
[localhost_81/0porcent0/wp-content/themes/0porcent0_template/images/thumbnail-video.jpg]
[localhost_81/0porcent0/wp-content/themes/0porcent0_template/videos/meet_0porcent0.mp4]
[localhost_81/0porcent0/about/index.html]
[localhost_81/0porcent0/wp-content/uploads/2022/05/zine-0-3.jpg]
[unpkg.com/@google/model-viewer@1.12.0/dist/model-viewer.min.js]
[localhost_81/0porcent0/wp-content/themes/0porcent0_template/images/tab-see-all-2.png]
[localhost_81/0porcent0/wp-content/themes/0porcent0_template/images/tab-talks-1.png]
[localhost_81/0porcent0/indexaa1e.html]
[localhost_81/0porcent0/wp-content/themes/0porcent0_template/images/tab-zines-1.png]
[localhost_81/0porcent0/index81ea.html]
[localhost_81/0porcent0/artists]
[localhost_81/0porcent0/artists/index.html]
[localhost_81/0porcent0/wp-content/themes/0porcent0_template/images/tab-artists-1.png]
[localhost_81/0porcent0/wp-content/uploads/2022/06/Carlos-Silva.png]
[localhost_81/0porcent0/category/talks/index.html]
[localhost_81/0porcent0/wp-content/uploads/2022/06/RaquelGandra.jpg]
[localhost_81/0porcent0/tag/viana-do-castelo-pt/index.html]
[localhost_81/0porcent0/wp-content/uploads/2022/06/Pedro-Moreira.png]
[localhost_81/0porcent0/wp-content/uploads/2022/06/talk_8.mp4]
[localhost_81/0porcent0/wp-content/uploads/2022/05/talk-andaime.jpg]
[localhost_81/0porcent0/wp-content/uploads/2022/05/talk-andaime2.png]
[localhost_81/0porcent0/wp-content/uploads/2022/05/talk-andaime3.png]
[localhost_81/0porcent0/wp-content/uploads/2022/05/talk-andaime4.png]
[localhost_81/0porcent0/wp-content/uploads/2022/05/talk-andaime5.png]
[localhost_81/0porcent0/wp-content/uploads/2022/05/talk-espinho.jpg]
[localhost_81/0porcent0/tag/espinho-pt/index.html]
[localhost_81/0porcent0/wp-content/uploads/2022/06/talk_6-3.jpg]
[localhost_81/0porcent0/wp-content/uploads/2022/06/talk_6-2.jpg]
[localhost_81/0porcent0/wp-content/uploads/2022/05/VID-20220319-WA0014.mp4]
[localhost_81/0porcent0/wp-content/uploads/2022/06/prints.qt]
[localhost_81/0porcent0/wp-content/uploads/2022/06/wdkahaven_insta.jpg]
[localhost_81/0porcent0/tag/rotterdam-nl/index.html]
[localhost_81/0porcent0/wp-content/uploads/2022/06/talk_5.mp4]
[localhost_81/0porcent0/wp-content/uploads/2022/06/talk_5.qt]
[localhost_81/0porcent0/wp-content/uploads/2022/05/conversa-4-03.png]
[localhost_81/0porcent0/tag/porto-pt/index.html]
[localhost_81/0porcent0/wp-content/uploads/2022/05/publicacao-conversa46.jpg]
[localhost_81/0porcent0/wp-content/uploads/2022/05/IMG-1482.jpg]
[localhost_81/0porcent0/wp-content/uploads/2022/05/conversa-2030.jpg]
[localhost_81/0porcent0/wp-content/uploads/2022/05/OPORCENT0-1-02.jpg]
[localhost_81/0porcent0/wp-content/uploads/2022/05/publicacao-conversa2-01-01.jpg]
[localhost_81/0porcent0/tag/online/index.html]
[localhost_81/0porcent0/wp-content/uploads/2022/05/publicacao-conversa2.jpg]
[localhost_81/0porcent0/wp-content/uploads/2022/06/talk_2.jpg]
[localhost_81/0porcent0/wp-content/uploads/2022/05/publicacao-apresentacao-01-01.jpg]
[localhost_81/0porcent0/wp-content/uploads/2022/05/0-capa.jpg]
[localhost_81/0porcent0/wp-content/uploads/2022/06/talk_1.jpg]
[localhost_81/0porcent0/wp-content/uploads/2022/06/talk_12.png]
[localhost_81/0porcent0/wp-content/uploads/2022/05/zine-0-2.png]
[localhost_81/0porcent0/category/zines/index.html]
[localhost_81/0porcent0/wp-content/uploads/2022/06/zine_0.qt]
[localhost_81/0porcent0/wp-content/uploads/2022/05/zine-0-8.png]
[localhost_81/0porcent0/wp-content/uploads/2022/05/zine-0-7.png]
[localhost_81/0porcent0/wp-content/uploads/2022/05/zine-0-5.png]
[localhost_81/0porcent0/wp-content/uploads/2022/05/zine-0-4.jpg]
[localhost_81/0porcent0/wp-content/uploads/2022/05/zine-0-5.jpg]
[localhost_81/0porcent0/wp-content/uploads/2022/05/zine-0-6.jpg]
[localhost_81/0porcent0/wp-content/uploads/2022/05/zine-0-1.jpg]
[localhost_81/0porcent0/wp-content/uploads/2022/05/zine-0-1.png]
[localhost_81/0porcent0/wp-content/uploads/2022/05/zine-0-4.png]
[localhost_81/0porcent0/wp-content/uploads/2022/05/zine-0-3.png]
[localhost_81/0porcent0/archive/index.html]
[localhost_81/0porcent0/wp-content/themes/0porcent0_template/images/icon-drag-02.html]
[localhost_81/0porcent0/index3965.html]
[unpkg.com/@google/model-viewer@1.12.0/dist/model-viewer-legacy.js]
[localhost_81/0porcent0/wp-content/themes/0porcent0_template/images/scan_3d_ana_ines.html]
[localhost_81/0porcent0/indexaa1e.html]
[localhost_81/0porcent0/index81ea.html]
[localhost_81/0porcent0/wp-content/themes/0porcent0_template/videos/meet_0porcent0.mp4]
[localhost_81/0porcent0/wp-json/wp/v2/pages/99.json]
[localhost_81/0porcent0/wp-json/oembed/1.0/embed1b8b.json]
[localhost_81/0porcent0/index5401.html]
[localhost_81/0porcent0/wp-content/themes/0porcent0_template/images/tab-see-all-1.png]
[localhost_81/0porcent0/wp-json/oembed/1.0/embedda49]
[localhost_81/0porcent0/wp-content/themes/0porcent0_template/images/tab-artists-2.png]
[localhost_81/0porcent0/artists/index.html]
[localhost_81/0porcent0/wp-json/wp/v2/categories/4.json]
[localhost_81/0porcent0/category/talks/feed/index.html]
[localhost_81/0porcent0/wp-content/themes/0porcent0_template/images/tab-talks-2.png]
[localhost_81/0porcent0/category/talks/index.html]
[localhost_81/0porcent0/wp-json/wp/v2/tags/15.json]
[localhost_81/0porcent0/tag/viana-do-castelo-pt/index.html]
[localhost_81/0porcent0/wp-content/uploads/2022/05/talk-andaime4.png]
[localhost_81/0porcent0/tag/viana-do-castelo-pt/feed/index.html]
[localhost_81/0porcent0/wp-content/uploads/2022/05/talk-andaime5.png]
[localhost_81/0porcent0/wp-json/wp/v2/tags/8.json]
[localhost_81/0porcent0/tag/espinho-pt/index.html]
[localhost_81/0porcent0/tag/espinho-pt/feed/index.html]
[localhost_81/0porcent0/wp-content/uploads/2022/05/talk-espinho.jpg]
[localhost_81/0porcent0/wp-content/uploads/2022/05/VID-20220319-WA0014.mp4]
[localhost_81/0porcent0/wp-content/uploads/2022/06/prints.qt]
[localhost_81/0porcent0/wp-json/wp/v2/tags/9.json]
[localhost_81/0porcent0/tag/rotterdam-nl/index.html]
[localhost_81/0porcent0/tag/rotterdam-nl/feed/index.html]
[localhost_81/0porcent0/wp-content/uploads/2022/06/talk_5.qt]
[localhost_81/0porcent0/wp-json/wp/v2/tags/10.json]
[localhost_81/0porcent0/tag/porto-pt/index.html]
[localhost_81/0porcent0/tag/porto-pt/feed/index.html]
[localhost_81/0porcent0/wp-content/uploads/2022/05/conversa-4-03.png]
[localhost_81/0porcent0/wp-content/uploads/2022/05/IMG-1482.jpg]
[localhost_81/0porcent0/wp-content/uploads/2022/05/OPORCENT0-1-02.jpg]
[localhost_81/0porcent0/wp-json/wp/v2/tags/14.json]
[localhost_81/0porcent0/tag/online/index.html]
[localhost_81/0porcent0/tag/online/feed/index.html]
[localhost_81/0porcent0/wp-json/wp/v2/categories/3.json]
[localhost_81/0porcent0/category/zines/feed/index.html]
[localhost_81/0porcent0/wp-content/themes/0porcent0_template/images/tab-zines-2.png]
[localhost_81/0porcent0/category/zines/index.html]
[localhost_81/0porcent0/wp-content/uploads/2022/05/zine-0-2.png]
[localhost_81/0porcent0/wp-content/uploads/2022/06/zine_0.qt]
[localhost_81/0porcent0/wp-content/uploads/2022/05/zine-0-8.png]
[localhost_81/0porcent0/wp-content/uploads/2022/05/zine-0-7.png]
[localhost_81/0porcent0/wp-content/uploads/2022/05/zine-0-4.jpg]
[localhost_81/0porcent0/wp-content/uploads/2022/05/zine-0-5.jpg]
[localhost_81/0porcent0/wp-content/uploads/2022/05/zine-0-6.jpg]
[localhost_81/0porcent0/wp-content/uploads/2022/05/zine-0-1.jpg]
[localhost_81/0porcent0/wp-content/uploads/2022/05/zine-0-1.png]
[localhost_81/0porcent0/wp-content/uploads/2022/05/zine-0-4.png]
[localhost_81/0porcent0/wp-content/themes/0porcent0_template/videos/meet_0porcent0.mp4]
[localhost_81/0porcent0/index5401.html]
[localhost_81/0porcent0/wp-content/uploads/2022/05/talk-andaime5.png]
[localhost_81/0porcent0/wp-content/uploads/2022/05/talk-espinho.jpg]
[localhost_81/0porcent0/wp-content/uploads/2022/06/prints.qt]
[localhost_81/0porcent0/wp-content/uploads/2022/06/talk_5.qt]
[localhost_81/0porcent0/wp-content/uploads/2022/05/conversa-4-03.png]
[localhost_81/0porcent0/wp-content/uploads/2022/05/IMG-1482.jpg]
[localhost_81/0porcent0/wp-content/uploads/2022/05/OPORCENT0-1-02.jpg]
[localhost_81/0porcent0/wp-content/uploads/2022/05/zine-0-2.png]
[localhost_81/0porcent0/wp-content/uploads/2022/05/zine-0-7.png]
[localhost_81/0porcent0/wp-content/uploads/2022/05/zine-0-4.jpg]
[localhost_81/0porcent0/wp-content/uploads/2022/05/zine-0-1.jpg]
[localhost_81/0porcent0/wp-content/uploads/2022/05/zine-0-1.png]
